2025-12-06 00:26:29 [INFO] === AUTOMATED RETRAINING STARTED ===
2025-12-06 00:26:29 [INFO] Training new model...
2025-12-06 00:26:29 [INFO] New model metrics: {'accuracy': 1.0, 'precision': 1.0, 'recall': 1.0, 'f1_score': 1.0}
2025-12-06 00:26:29 [INFO] Previous model metrics: None
2025-12-06 00:26:29 [INFO] 🎉 New model promoted as version_1
2025-12-06 00:26:29 [INFO] === RETRAINING FINISHED ===

2025-12-06 01:35:57 [INFO] === AUTOMATED RETRAINING STARTED ===
2025-12-06 01:35:57 [INFO] Training new model...
2025-12-06 01:35:57 [INFO] New model metrics: {'accuracy': 1.0, 'precision': 1.0, 'recall': 1.0, 'f1_score': 1.0}
2025-12-06 01:35:57 [INFO] Previous model metrics: {'accuracy': 1.0, 'precision': 1.0, 'recall': 1.0, 'f1_score': 1.0}
2025-12-06 01:35:57 [INFO] ❌ New model rejected — worse performance
2025-12-06 01:35:57 [INFO] === RETRAINING FINISHED ===

2025-12-06 01:38:02 [INFO] === AUTOMATED RETRAINING STARTED ===
2025-12-06 01:38:02 [INFO] Training new model...
2025-12-06 01:38:02 [INFO] New model metrics: {'accuracy': 1.0, 'precision': 1.0, 'recall': 1.0, 'f1_score': 1.0}
2025-12-06 01:38:02 [INFO] Previous model metrics: {'accuracy': 1.0, 'precision': 1.0, 'recall': 1.0, 'f1_score': 1.0}
2025-12-06 01:38:02 [INFO] ❌ New model rejected — worse performance
2025-12-06 01:38:02 [INFO] === RETRAINING FINISHED ===

2025-12-06 08:42:21 [INFO] === TRAINING STARTED ===
2025-12-06 08:42:21 [INFO] Loaded 1000 emails.
2025-12-06 08:42:22 [INFO] Splitting dataset...
2025-12-06 08:42:22 [INFO] Training model...
2025-12-06 08:42:22 [INFO] Evaluating model...
2025-12-06 08:42:22 [INFO] Metrics: {'accuracy': 1.0, 'precision': 1.0, 'recall': 1.0, 'f1_score': 1.0}
2025-12-06 08:42:22 [INFO] 📦 Saved model as version_2
2025-12-06 08:51:01 [INFO] === TRAINING STARTED ===
2025-12-06 08:51:01 [INFO] Loaded 1000 emails.
2025-12-06 08:51:01 [INFO] Splitting dataset...
2025-12-06 08:51:01 [INFO] Training model...
2025-12-06 08:51:01 [INFO] Evaluating model...
2025-12-06 08:51:01 [INFO] Metrics: {'accuracy': 1.0, 'precision': 1.0, 'recall': 1.0, 'f1_score': 1.0}
2025-12-06 08:51:01 [INFO] 📦 Saved model as version_3
2025-12-06 08:51:01 [INFO] 🔄 Latest model updated.
2025-12-06 08:51:01 [INFO] Version version_3 saved successfully.
2025-12-06 08:51:01 [INFO] === TRAINING COMPLETE ===

2025-12-06 08:52:48 [INFO] === TRAINING STARTED ===
2025-12-06 08:52:48 [INFO] Loaded 1000 emails.
2025-12-06 08:52:48 [INFO] Splitting dataset...
2025-12-06 08:52:48 [INFO] Training model...
2025-12-06 08:52:48 [INFO] Evaluating model...
2025-12-06 08:52:48 [INFO] Metrics: {'accuracy': 1.0, 'precision': 1.0, 'recall': 1.0, 'f1_score': 1.0}
2025-12-06 08:52:48 [INFO] 📦 Saved model as version_4
2025-12-06 08:52:48 [INFO] 🔄 Latest model updated.
2025-12-06 08:52:48 [INFO] Version version_4 saved successfully.
2025-12-06 08:52:48 [INFO] === TRAINING COMPLETE ===

2025-12-06 08:57:53 [INFO] === TRAINING STARTED ===
2025-12-06 08:57:53 [INFO] Loaded 1000 emails.
2025-12-06 08:57:53 [INFO] Splitting dataset...
2025-12-06 08:57:53 [INFO] Training model...
2025-12-06 08:57:53 [INFO] Evaluating model...
2025-12-06 08:57:53 [INFO] Metrics: {'accuracy': 1.0, 'precision': 1.0, 'recall': 1.0, 'f1_score': 1.0}
2025-12-06 08:57:53 [INFO] 📦 Saved model as version_5
2025-12-06 08:57:54 [INFO] 🔄 Latest model updated.
2025-12-06 08:57:54 [INFO] Version version_5 saved successfully.
2025-12-06 08:57:54 [INFO] === TRAINING COMPLETE ===

2025-12-06 08:59:13 [INFO] === TRAINING STARTED ===
2025-12-06 08:59:13 [INFO] Loaded 1000 emails.
2025-12-06 08:59:13 [INFO] Splitting dataset...
2025-12-06 08:59:13 [INFO] Training model...
2025-12-06 08:59:13 [INFO] Evaluating model...
2025-12-06 08:59:13 [INFO] Metrics: {'accuracy': 1.0, 'precision': 1.0, 'recall': 1.0, 'f1_score': 1.0}
2025-12-06 08:59:13 [INFO] 📦 Saved model as version_6
2025-12-06 08:59:13 [INFO] 🔄 Latest model updated.
2025-12-06 08:59:13 [INFO] Version version_6 saved successfully.
2025-12-06 08:59:13 [INFO] === TRAINING COMPLETE ===

2025-12-06 09:02:12 [INFO] === TRAINING STARTED ===
2025-12-06 09:02:12 [INFO] Loaded 1000 emails.
2025-12-06 09:02:12 [INFO] Splitting dataset...
2025-12-06 09:02:12 [INFO] Training model...
2025-12-06 09:02:12 [INFO] Evaluating model...
2025-12-06 09:02:12 [INFO] Metrics: {'accuracy': 1.0, 'precision': 1.0, 'recall': 1.0, 'f1_score': 1.0}
2025-12-06 09:02:12 [INFO] 📦 Saved model as version_7
2025-12-06 09:02:12 [INFO] 🔄 Latest model updated.
2025-12-06 09:02:12 [INFO] Version version_7 saved successfully.
2025-12-06 09:02:12 [INFO] === TRAINING COMPLETE ===

